1784218272.828790 client started (181695): version next-3.7, socket /tmp/tmux-1000/default, protocol 8
1784218272.828808 on Linux 7.1.3-arch1-2 #1 SMP PREEMPT_DYNAMIC Thu, 09 Jul 2026 19:55:55 +0000
1784218272.828810 using libevent 2.1.13-stable poll
1784218272.828812 using ncurses 6.6 20251230
1784218272.828826 flags are 0x10010000
1784218272.828827 socket is /tmp/tmux-1000/default
1784218272.828834 trying connect
1784218272.828852 add peer 0x563fccdb3d40: 6 ((nil))
1784218272.829067 sending message 111 to peer 0x563fccdb3d40 (8 bytes)
1784218272.829072 sending message 111 to peer 0x563fccdb3d40 (8 bytes)
1784218272.829073 sending message 101 to peer 0x563fccdb3d40 (14 bytes)
1784218272.829075 sending message 109 to peer 0x563fccdb3d40 (4 bytes)
1784218272.829101 sending message 102 to peer 0x563fccdb3d40 (11 bytes)
1784218272.829102 sending message 108 to peer 0x563fccdb3d40 (26 bytes)
1784218272.829104 sending message 112 to peer 0x563fccdb3d40 (70 bytes)
1784218272.829106 sending message 112 to peer 0x563fccdb3d40 (5 bytes)
1784218272.829107 sending message 112 to peer 0x563fccdb3d40 (5 bytes)
1784218272.829109 sending message 112 to peer 0x563fccdb3d40 (6 bytes)
1784218272.829110 sending message 112 to peer 0x563fccdb3d40 (6 bytes)
1784218272.829112 sending message 112 to peer 0x563fccdb3d40 (11 bytes)
1784218272.829113 sending message 112 to peer 0x563fccdb3d40 (10 bytes)
1784218272.829115 sending message 112 to peer 0x563fccdb3d40 (13 bytes)
1784218272.829135 sending message 112 to peer 0x563fccdb3d40 (13 bytes)
1784218272.829136 sending message 112 to peer 0x563fccdb3d40 (18 bytes)
1784218272.829138 sending message 112 to peer 0x563fccdb3d40 (11 bytes)
1784218272.829139 sending message 112 to peer 0x563fccdb3d40 (10 bytes)
1784218272.829141 sending message 112 to peer 0x563fccdb3d40 (15 bytes)
1784218272.829142 sending message 112 to peer 0x563fccdb3d40 (21 bytes)
1784218272.829144 sending message 112 to peer 0x563fccdb3d40 (13 bytes)
1784218272.829145 sending message 112 to peer 0x563fccdb3d40 (7 bytes)
1784218272.829147 sending message 112 to peer 0x563fccdb3d40 (13 bytes)
1784218272.829148 sending message 112 to peer 0x563fccdb3d40 (7 bytes)
1784218272.829150 sending message 112 to peer 0x563fccdb3d40 (13 bytes)
1784218272.829152 sending message 112 to peer 0x563fccdb3d40 (9 bytes)
1784218272.829153 sending message 112 to peer 0x563fccdb3d40 (21 bytes)
1784218272.829155 sending message 112 to peer 0x563fccdb3d40 (13 bytes)
1784218272.829156 sending message 112 to peer 0x563fccdb3d40 (8 bytes)
1784218272.829158 sending message 112 to peer 0x563fccdb3d40 (12 bytes)
1784218272.829159 sending message 112 to peer 0x563fccdb3d40 (13 bytes)
1784218272.829161 sending message 112 to peer 0x563fccdb3d40 (9 bytes)
1784218272.829162 sending message 112 to peer 0x563fccdb3d40 (9 bytes)
1784218272.829164 sending message 112 to peer 0x563fccdb3d40 (12 bytes)
1784218272.829165 sending message 112 to peer 0x563fccdb3d40 (8 bytes)
1784218272.829167 sending message 112 to peer 0x563fccdb3d40 (8 bytes)
1784218272.829168 sending message 112 to peer 0x563fccdb3d40 (7 bytes)
1784218272.829170 sending message 112 to peer 0x563fccdb3d40 (7 bytes)
1784218272.829171 sending message 112 to peer 0x563fccdb3d40 (9 bytes)
1784218272.829173 sending message 112 to peer 0x563fccdb3d40 (13 bytes)
1784218272.829175 sending message 112 to peer 0x563fccdb3d40 (6 bytes)
1784218272.829176 sending message 112 to peer 0x563fccdb3d40 (9 bytes)
1784218272.829178 sending message 112 to peer 0x563fccdb3d40 (15 bytes)
1784218272.829179 sending message 112 to peer 0x563fccdb3d40 (13 bytes)
1784218272.829181 sending message 112 to peer 0x563fccdb3d40 (12 bytes)
1784218272.829182 sending message 112 to peer 0x563fccdb3d40 (8 bytes)
1784218272.829184 sending message 112 to peer 0x563fccdb3d40 (14 bytes)
1784218272.829185 sending message 112 to peer 0x563fccdb3d40 (11 bytes)
1784218272.829187 sending message 112 to peer 0x563fccdb3d40 (9 bytes)
1784218272.829188 sending message 112 to peer 0x563fccdb3d40 (10 bytes)
1784218272.829190 sending message 112 to peer 0x563fccdb3d40 (10 bytes)
1784218272.829195 sending message 112 to peer 0x563fccdb3d40 (10 bytes)
1784218272.829197 sending message 112 to peer 0x563fccdb3d40 (10 bytes)
1784218272.829199 sending message 112 to peer 0x563fccdb3d40 (11 bytes)
1784218272.829200 sending message 112 to peer 0x563fccdb3d40 (12 bytes)
1784218272.829202 sending message 112 to peer 0x563fccdb3d40 (12 bytes)
1784218272.829203 sending message 112 to peer 0x563fccdb3d40 (12 bytes)
1784218272.829205 sending message 112 to peer 0x563fccdb3d40 (12 bytes)
1784218272.829206 sending message 112 to peer 0x563fccdb3d40 (12 bytes)
1784218272.829208 sending message 112 to peer 0x563fccdb3d40 (11 bytes)
1784218272.829210 sending message 112 to peer 0x563fccdb3d40 (11 bytes)
1784218272.829211 sending message 112 to peer 0x563fccdb3d40 (12 bytes)
1784218272.829213 sending message 112 to peer 0x563fccdb3d40 (12 bytes)
1784218272.829214 sending message 112 to peer 0x563fccdb3d40 (12 bytes)
1784218272.829216 sending message 112 to peer 0x563fccdb3d40 (12 bytes)
1784218272.829217 sending message 112 to peer 0x563fccdb3d40 (12 bytes)
1784218272.829219 sending message 112 to peer 0x563fccdb3d40 (10 bytes)
1784218272.829220 sending message 112 to peer 0x563fccdb3d40 (12 bytes)
1784218272.829222 sending message 112 to peer 0x563fccdb3d40 (13 bytes)
1784218272.829224 sending message 112 to peer 0x563fccdb3d40 (13 bytes)
1784218272.829225 sending message 112 to peer 0x563fccdb3d40 (13 bytes)
1784218272.829227 sending message 112 to peer 0x563fccdb3d40 (13 bytes)
1784218272.829228 sending message 112 to peer 0x563fccdb3d40 (13 bytes)
1784218272.829230 sending message 112 to peer 0x563fccdb3d40 (8 bytes)
1784218272.829231 sending message 112 to peer 0x563fccdb3d40 (11 bytes)
1784218272.829233 sending message 112 to peer 0x563fccdb3d40 (11 bytes)
1784218272.829234 sending message 112 to peer 0x563fccdb3d40 (11 bytes)
1784218272.829236 sending message 112 to peer 0x563fccdb3d40 (12 bytes)
1784218272.829238 sending message 112 to peer 0x563fccdb3d40 (12 bytes)
1784218272.829239 sending message 112 to peer 0x563fccdb3d40 (12 bytes)
1784218272.829241 sending message 112 to peer 0x563fccdb3d40 (12 bytes)
1784218272.829242 sending message 112 to peer 0x563fccdb3d40 (13 bytes)
1784218272.829244 sending message 112 to peer 0x563fccdb3d40 (13 bytes)
1784218272.829245 sending message 112 to peer 0x563fccdb3d40 (13 bytes)
1784218272.829247 sending message 112 to peer 0x563fccdb3d40 (8 bytes)
1784218272.829248 sending message 112 to peer 0x563fccdb3d40 (13 bytes)
1784218272.829250 sending message 112 to peer 0x563fccdb3d40 (13 bytes)
1784218272.829252 sending message 112 to peer 0x563fccdb3d40 (13 bytes)
1784218272.829253 sending message 112 to peer 0x563fccdb3d40 (13 bytes)
1784218272.829255 sending message 112 to peer 0x563fccdb3d40 (13 bytes)
1784218272.829256 sending message 112 to peer 0x563fccdb3d40 (12 bytes)
1784218272.829258 sending message 112 to peer 0x563fccdb3d40 (12 bytes)
1784218272.829259 sending message 112 to peer 0x563fccdb3d40 (12 bytes)
1784218272.829261 sending message 112 to peer 0x563fccdb3d40 (12 bytes)
1784218272.829262 sending message 112 to peer 0x563fccdb3d40 (13 bytes)
1784218272.829264 sending message 112 to peer 0x563fccdb3d40 (8 bytes)
1784218272.829266 sending message 112 to peer 0x563fccdb3d40 (13 bytes)
1784218272.829267 sending message 112 to peer 0x563fccdb3d40 (13 bytes)
1784218272.829269 sending message 112 to peer 0x563fccdb3d40 (13 bytes)
1784218272.829270 sending message 112 to peer 0x563fccdb3d40 (13 bytes)
1784218272.829272 sending message 112 to peer 0x563fccdb3d40 (13 bytes)
1784218272.829274 sending message 112 to peer 0x563fccdb3d40 (13 bytes)
1784218272.829275 sending message 112 to peer 0x563fccdb3d40 (13 bytes)
1784218272.829277 sending message 112 to peer 0x563fccdb3d40 (12 bytes)
1784218272.829278 sending message 112 to peer 0x563fccdb3d40 (12 bytes)
1784218272.829280 sending message 112 to peer 0x563fccdb3d40 (12 bytes)
1784218272.829281 sending message 112 to peer 0x563fccdb3d40 (8 bytes)
1784218272.829283 sending message 112 to peer 0x563fccdb3d40 (12 bytes)
1784218272.829286 sending message 112 to peer 0x563fccdb3d40 (13 bytes)
1784218272.829287 sending message 112 to peer 0x563fccdb3d40 (13 bytes)
1784218272.829289 sending message 112 to peer 0x563fccdb3d40 (13 bytes)
1784218272.829291 sending message 112 to peer 0x563fccdb3d40 (13 bytes)
1784218272.829292 sending message 112 to peer 0x563fccdb3d40 (13 bytes)
1784218272.829294 sending message 112 to peer 0x563fccdb3d40 (13 bytes)
1784218272.829295 sending message 112 to peer 0x563fccdb3d40 (13 bytes)
1784218272.829297 sending message 112 to peer 0x563fccdb3d40 (13 bytes)
1784218272.829298 sending message 112 to peer 0x563fccdb3d40 (12 bytes)
1784218272.829300 sending message 112 to peer 0x563fccdb3d40 (10 bytes)
1784218272.829301 sending message 112 to peer 0x563fccdb3d40 (12 bytes)
1784218272.829303 sending message 112 to peer 0x563fccdb3d40 (12 bytes)
1784218272.829304 sending message 112 to peer 0x563fccdb3d40 (12 bytes)
1784218272.829306 sending message 112 to peer 0x563fccdb3d40 (13 bytes)
1784218272.829307 sending message 112 to peer 0x563fccdb3d40 (13 bytes)
1784218272.829309 sending message 112 to peer 0x563fccdb3d40 (13 bytes)
1784218272.829311 sending message 112 to peer 0x563fccdb3d40 (13 bytes)
1784218272.829312 sending message 112 to peer 0x563fccdb3d40 (13 bytes)
1784218272.829314 sending message 112 to peer 0x563fccdb3d40 (13 bytes)
1784218272.829315 sending message 112 to peer 0x563fccdb3d40 (13 bytes)
1784218272.829317 sending message 112 to peer 0x563fccdb3d40 (10 bytes)
1784218272.829318 sending message 112 to peer 0x563fccdb3d40 (13 bytes)
1784218272.829320 sending message 112 to peer 0x563fccdb3d40 (12 bytes)
1784218272.829322 sending message 112 to peer 0x563fccdb3d40 (12 bytes)
1784218272.829323 sending message 112 to peer 0x563fccdb3d40 (12 bytes)
1784218272.829325 sending message 112 to peer 0x563fccdb3d40 (10 bytes)
1784218272.829326 sending message 112 to peer 0x563fccdb3d40 (10 bytes)
1784218272.829328 sending message 112 to peer 0x563fccdb3d40 (10 bytes)
1784218272.829329 sending message 112 to peer 0x563fccdb3d40 (12 bytes)
1784218272.829331 sending message 112 to peer 0x563fccdb3d40 (13 bytes)
1784218272.829332 sending message 112 to peer 0x563fccdb3d40 (13 bytes)
1784218272.829334 sending message 112 to peer 0x563fccdb3d40 (13 bytes)
1784218272.829335 sending message 112 to peer 0x563fccdb3d40 (13 bytes)
1784218272.829337 sending message 112 to peer 0x563fccdb3d40 (13 bytes)
1784218272.829338 sending message 112 to peer 0x563fccdb3d40 (11 bytes)
1784218272.829340 sending message 112 to peer 0x563fccdb3d40 (11 bytes)
1784218272.829342 sending message 112 to peer 0x563fccdb3d40 (12 bytes)
1784218272.829343 sending message 112 to peer 0x563fccdb3d40 (12 bytes)
1784218272.829345 sending message 112 to peer 0x563fccdb3d40 (12 bytes)
1784218272.829346 sending message 112 to peer 0x563fccdb3d40 (12 bytes)
1784218272.829348 sending message 112 to peer 0x563fccdb3d40 (12 bytes)
1784218272.829349 sending message 112 to peer 0x563fccdb3d40 (11 bytes)
1784218272.829351 sending message 112 to peer 0x563fccdb3d40 (12 bytes)
1784218272.829352 sending message 112 to peer 0x563fccdb3d40 (12 bytes)
1784218272.829354 sending message 112 to peer 0x563fccdb3d40 (13 bytes)
1784218272.829355 sending message 112 to peer 0x563fccdb3d40 (13 bytes)
1784218272.829357 sending message 112 to peer 0x563fccdb3d40 (13 bytes)
1784218272.829358 sending message 112 to peer 0x563fccdb3d40 (13 bytes)
1784218272.829360 sending message 112 to peer 0x563fccdb3d40 (13 bytes)
1784218272.829361 sending message 112 to peer 0x563fccdb3d40 (10 bytes)
1784218272.829363 sending message 112 to peer 0x563fccdb3d40 (9 bytes)
1784218272.829364 sending message 112 to peer 0x563fccdb3d40 (12 bytes)
1784218272.829366 sending message 112 to peer 0x563fccdb3d40 (13 bytes)
1784218272.829368 sending message 112 to peer 0x563fccdb3d40 (13 bytes)
1784218272.829369 sending message 112 to peer 0x563fccdb3d40 (13 bytes)
1784218272.829371 sending message 112 to peer 0x563fccdb3d40 (13 bytes)
1784218272.829372 sending message 112 to peer 0x563fccdb3d40 (13 bytes)
1784218272.829375 sending message 112 to peer 0x563fccdb3d40 (9 bytes)
1784218272.829377 sending message 112 to peer 0x563fccdb3d40 (12 bytes)
1784218272.829378 sending message 112 to peer 0x563fccdb3d40 (13 bytes)
1784218272.829380 sending message 112 to peer 0x563fccdb3d40 (13 bytes)
1784218272.829381 sending message 112 to peer 0x563fccdb3d40 (13 bytes)
1784218272.829383 sending message 112 to peer 0x563fccdb3d40 (13 bytes)
1784218272.829384 sending message 112 to peer 0x563fccdb3d40 (13 bytes)
1784218272.829386 sending message 112 to peer 0x563fccdb3d40 (11 bytes)
1784218272.829387 sending message 112 to peer 0x563fccdb3d40 (12 bytes)
1784218272.829389 sending message 112 to peer 0x563fccdb3d40 (13 bytes)
1784218272.829390 sending message 112 to peer 0x563fccdb3d40 (13 bytes)
1784218272.829392 sending message 112 to peer 0x563fccdb3d40 (13 bytes)
1784218272.829394 sending message 112 to peer 0x563fccdb3d40 (13 bytes)
1784218272.829395 sending message 112 to peer 0x563fccdb3d40 (13 bytes)
1784218272.829397 sending message 112 to peer 0x563fccdb3d40 (11 bytes)
1784218272.829398 sending message 112 to peer 0x563fccdb3d40 (12 bytes)
1784218272.829400 sending message 112 to peer 0x563fccdb3d40 (12 bytes)
1784218272.829401 sending message 112 to peer 0x563fccdb3d40 (12 bytes)
1784218272.829403 sending message 112 to peer 0x563fccdb3d40 (12 bytes)
1784218272.829404 sending message 112 to peer 0x563fccdb3d40 (12 bytes)
1784218272.829406 sending message 112 to peer 0x563fccdb3d40 (21 bytes)
1784218272.829407 sending message 112 to peer 0x563fccdb3d40 (12 bytes)
1784218272.829409 sending message 112 to peer 0x563fccdb3d40 (9 bytes)
1784218272.829410 sending message 112 to peer 0x563fccdb3d40 (6 bytes)
1784218272.829412 sending message 112 to peer 0x563fccdb3d40 (13 bytes)
1784218272.829414 sending message 112 to peer 0x563fccdb3d40 (8 bytes)
1784218272.829415 sending message 112 to peer 0x563fccdb3d40 (15 bytes)
1784218272.829417 sending message 112 to peer 0x563fccdb3d40 (13 bytes)
1784218272.829418 sending message 112 to peer 0x563fccdb3d40 (9 bytes)
1784218272.829420 sending message 112 to peer 0x563fccdb3d40 (70 bytes)
1784218272.829421 sending message 112 to peer 0x563fccdb3d40 (69 bytes)
1784218272.829423 sending message 112 to peer 0x563fccdb3d40 (10 bytes)
1784218272.829424 sending message 112 to peer 0x563fccdb3d40 (10 bytes)
1784218272.829426 sending message 112 to peer 0x563fccdb3d40 (8 bytes)
1784218272.829427 sending message 112 to peer 0x563fccdb3d40 (15 bytes)
1784218272.829429 sending message 112 to peer 0x563fccdb3d40 (13 bytes)
1784218272.829430 sending message 112 to peer 0x563fccdb3d40 (10 bytes)
1784218272.829432 sending message 112 to peer 0x563fccdb3d40 (10 bytes)
1784218272.829433 sending message 112 to peer 0x563fccdb3d40 (17 bytes)
1784218272.829435 sending message 112 to peer 0x563fccdb3d40 (10 bytes)
1784218272.829436 sending message 112 to peer 0x563fccdb3d40 (13 bytes)
1784218272.829438 sending message 112 to peer 0x563fccdb3d40 (9 bytes)
1784218272.829439 sending message 112 to peer 0x563fccdb3d40 (5 bytes)
1784218272.829441 sending message 112 to peer 0x563fccdb3d40 (15 bytes)
1784218272.829443 sending message 104 to peer 0x563fccdb3d40 (0 bytes)
1784218272.829446 sending message 110 to peer 0x563fccdb3d40 (0 bytes)
1784218272.829448 sending message 107 to peer 0x563fccdb3d40 (4 bytes)
1784218272.829449 sending message 105 to peer 0x563fccdb3d40 (21 bytes)
1784218272.829451 sending message 105 to peer 0x563fccdb3d40 (21 bytes)
1784218272.829452 sending message 105 to peer 0x563fccdb3d40 (17 bytes)
1784218272.829454 sending message 105 to peer 0x563fccdb3d40 (20 bytes)
1784218272.829455 sending message 105 to peer 0x563fccdb3d40 (28 bytes)
1784218272.829457 sending message 105 to peer 0x563fccdb3d40 (54 bytes)
1784218272.829459 sending message 105 to peer 0x563fccdb3d40 (50 bytes)
1784218272.829460 sending message 105 to peer 0x563fccdb3d40 (11 bytes)
1784218272.829462 sending message 105 to peer 0x563fccdb3d40 (62 bytes)
1784218272.829463 sending message 105 to peer 0x563fccdb3d40 (37 bytes)
1784218272.829466 sending message 105 to peer 0x563fccdb3d40 (63 bytes)
1784218272.829467 sending message 105 to peer 0x563fccdb3d40 (52 bytes)
1784218272.829469 sending message 105 to peer 0x563fccdb3d40 (199 bytes)
1784218272.829471 sending message 105 to peer 0x563fccdb3d40 (198 bytes)
1784218272.829472 sending message 105 to peer 0x563fccdb3d40 (206 bytes)
1784218272.829474 sending message 105 to peer 0x563fccdb3d40 (179 bytes)
1784218272.829475 sending message 105 to peer 0x563fccdb3d40 (26 bytes)
1784218272.829477 sending message 105 to peer 0x563fccdb3d40 (23 bytes)
1784218272.829479 sending message 105 to peer 0x563fccdb3d40 (64 bytes)
1784218272.829480 sending message 105 to peer 0x563fccdb3d40 (22 bytes)
1784218272.829482 sending message 105 to peer 0x563fccdb3d40 (19 bytes)
1784218272.829483 sending message 105 to peer 0x563fccdb3d40 (38 bytes)
1784218272.829485 sending message 105 to peer 0x563fccdb3d40 (91 bytes)
1784218272.829487 sending message 105 to peer 0x563fccdb3d40 (23 bytes)
1784218272.829488 sending message 105 to peer 0x563fccdb3d40 (38 bytes)
1784218272.829490 sending message 105 to peer 0x563fccdb3d40 (15 bytes)
1784218272.829491 sending message 105 to peer 0x563fccdb3d40 (60 bytes)
1784218272.829493 sending message 105 to peer 0x563fccdb3d40 (18 bytes)
1784218272.829494 sending message 105 to peer 0x563fccdb3d40 (16 bytes)
1784218272.829496 sending message 105 to peer 0x563fccdb3d40 (19 bytes)
1784218272.829497 sending message 105 to peer 0x563fccdb3d40 (32 bytes)
1784218272.829499 sending message 105 to peer 0x563fccdb3d40 (20 bytes)
1784218272.829500 sending message 105 to peer 0x563fccdb3d40 (15 bytes)
1784218272.829502 sending message 105 to peer 0x563fccdb3d40 (21 bytes)
1784218272.829503 sending message 105 to peer 0x563fccdb3d40 (30 bytes)
1784218272.829505 sending message 105 to peer 0x563fccdb3d40 (83 bytes)
1784218272.829506 sending message 105 to peer 0x563fccdb3d40 (17 bytes)
1784218272.829508 sending message 105 to peer 0x563fccdb3d40 (23 bytes)
1784218272.829510 sending message 105 to peer 0x563fccdb3d40 (710 bytes)
1784218272.829511 sending message 105 to peer 0x563fccdb3d40 (16 bytes)
1784218272.829513 sending message 105 to peer 0x563fccdb3d40 (45 bytes)
1784218272.829514 sending message 105 to peer 0x563fccdb3d40 (58 bytes)
1784218272.829516 sending message 105 to peer 0x563fccdb3d40 (53 bytes)
1784218272.829518 sending message 105 to peer 0x563fccdb3d40 (15 bytes)
1784218272.829519 sending message 105 to peer 0x563fccdb3d40 (25 bytes)
1784218272.829521 sending message 105 to peer 0x563fccdb3d40 (29 bytes)
1784218272.829522 sending message 105 to peer 0x563fccdb3d40 (30 bytes)
1784218272.829524 sending message 105 to peer 0x563fccdb3d40 (34 bytes)
1784218272.829525 sending message 105 to peer 0x563fccdb3d40 (24 bytes)
1784218272.829527 sending message 105 to peer 0x563fccdb3d40 (26 bytes)
1784218272.829528 sending message 105 to peer 0x563fccdb3d40 (24 bytes)
1784218272.829530 sending message 105 to peer 0x563fccdb3d40 (19 bytes)
1784218272.829532 sending message 105 to peer 0x563fccdb3d40 (8 bytes)
1784218272.829533 sending message 105 to peer 0x563fccdb3d40 (19 bytes)
1784218272.829535 sending message 105 to peer 0x563fccdb3d40 (33 bytes)
1784218272.829536 sending message 105 to peer 0x563fccdb3d40 (18 bytes)
1784218272.829538 sending message 105 to peer 0x563fccdb3d40 (30 bytes)
1784218272.829539 sending message 105 to peer 0x563fccdb3d40 (19 bytes)
1784218272.829541 sending message 105 to peer 0x563fccdb3d40 (19 bytes)
1784218272.829542 sending message 105 to peer 0x563fccdb3d40 (21 bytes)
1784218272.829544 sending message 105 to peer 0x563fccdb3d40 (35 bytes)
1784218272.829545 sending message 105 to peer 0x563fccdb3d40 (14 bytes)
1784218272.829547 sending message 105 to peer 0x563fccdb3d40 (16 bytes)
1784218272.829548 sending message 105 to peer 0x563fccdb3d40 (40 bytes)
1784218272.829550 sending message 105 to peer 0x563fccdb3d40 (29 bytes)
1784218272.829551 sending message 105 to peer 0x563fccdb3d40 (75 bytes)
1784218272.829553 sending message 105 to peer 0x563fccdb3d40 (26 bytes)
1784218272.829556 sending message 105 to peer 0x563fccdb3d40 (16 bytes)
1784218272.829558 sending message 105 to peer 0x563fccdb3d40 (32 bytes)
1784218272.829559 sending message 105 to peer 0x563fccdb3d40 (20 bytes)
1784218272.829561 sending message 105 to peer 0x563fccdb3d40 (29 bytes)
1784218272.829563 sending message 105 to peer 0x563fccdb3d40 (31 bytes)
1784218272.829564 sending message 105 to peer 0x563fccdb3d40 (15 bytes)
1784218272.829566 sending message 105 to peer 0x563fccdb3d40 (23 bytes)
1784218272.829567 sending message 105 to peer 0x563fccdb3d40 (29 bytes)
1784218272.829569 sending message 105 to peer 0x563fccdb3d40 (17 bytes)
1784218272.829570 sending message 105 to peer 0x563fccdb3d40 (25 bytes)
1784218272.829572 sending message 105 to peer 0x563fccdb3d40 (11 bytes)
1784218272.829573 sending message 105 to peer 0x563fccdb3d40 (21 bytes)
1784218272.829575 sending message 105 to peer 0x563fccdb3d40 (49 bytes)
1784218272.829576 sending message 105 to peer 0x563fccdb3d40 (44 bytes)
1784218272.829578 sending message 105 to peer 0x563fccdb3d40 (17 bytes)
1784218272.829580 sending message 105 to peer 0x563fccdb3d40 (30 bytes)
1784218272.829581 sending message 105 to peer 0x563fccdb3d40 (128 bytes)
1784218272.829583 sending message 105 to peer 0x563fccdb3d40 (70 bytes)
1784218272.829584 sending message 105 to peer 0x563fccdb3d40 (64 bytes)
1784218272.829586 sending message 106 to peer 0x563fccdb3d40 (0 bytes)
1784218272.829624 sending message 200 to peer 0x563fccdb3d40 (4 bytes)
1784218272.829626 client loop enter
1784218272.829843 peer 0x563fccdb3d40 message 303
1784218272.829848 open write file 2 -
1784218272.829854 sending message 305 to peer 0x563fccdb3d40 (8 bytes)
1784218272.829863 write check file 2
1784218272.829919 peer 0x563fccdb3d40 message 304
1784218272.829921 write 58 to file 2
1784218272.829923 peer 0x563fccdb3d40 message 203
1784218272.829925 file 2 58 bytes left
1784218272.829933 write check file 2
1784218272.829935 client loop exit
