2024-11-07 12:59:28 Loading main app package /usr/lib/obsidian/obsidian.asar
2024-11-07 12:59:33 Checking for update using Github
2024-11-07 12:59:38 Success.
2024-11-07 12:59:38 Latest version is 1.7.5
2024-11-07 12:59:38 App is up to date.
2024-11-15 10:41:38 Loading main app package /usr/lib/obsidian/obsidian.asar
2024-11-15 10:41:52 Checking for update using Github
2024-11-15 10:41:55 Success.
2024-11-15 10:41:55 Latest version is 1.7.6
2024-11-15 10:41:55 App is up to date.
2024-11-15 11:41:38 Checking for update using Github
2024-11-15 11:41:38 Success.
2024-11-15 11:41:38 Latest version is 1.7.6
2024-11-15 11:41:38 App is up to date.
2024-11-15 12:41:38 Checking for update using Github
2024-11-15 12:41:38 Success.
2024-11-15 12:41:38 Latest version is 1.7.6
2024-11-15 12:41:38 App is up to date.
2024-11-15 13:41:38 Checking for update using Github
2024-11-15 13:41:38 Success.
2024-11-15 13:41:38 Latest version is 1.7.6
2024-11-15 13:41:38 App is up to date.
2024-11-17 19:58:13 Loading main app package /usr/lib/obsidian/obsidian.asar
2024-11-17 19:58:14 Checking for update using Github
2024-11-17 19:58:14 Success.
2024-11-17 19:58:14 Latest version is 1.7.6
2024-11-17 19:58:14 App is up to date.
2024-11-23 18:11:28 Loading main app package /usr/lib/obsidian/obsidian.asar
2024-11-23 18:11:31 Checking for update using Github
2024-11-23 18:11:31 Success.
2024-11-23 18:11:31 Latest version is 1.7.7
2024-11-23 18:11:31 App is up to date.
2024-11-23 19:11:28 Checking for update using Github
2024-11-23 19:11:28 Success.
2024-11-23 19:11:28 Latest version is 1.7.7
2024-11-23 19:11:28 App is up to date.
2024-11-24 14:04:05 Loading main app package /usr/lib/obsidian/obsidian.asar
2024-11-24 14:04:08 Checking for update using Github
2024-11-24 14:04:09 Success.
2024-11-24 14:04:09 Latest version is 1.7.7
2024-11-24 14:04:09 App is up to date.
2024-11-24 14:04:58 Loading main app package /usr/lib/obsidian/obsidian.asar
2024-11-24 14:04:58 Checking for update using Github
2024-11-24 14:06:32 Loading main app package /usr/lib/obsidian/obsidian.asar
2024-11-24 14:06:33 Checking for update using Github
2024-11-24 14:06:33 Success.
2024-11-24 14:06:33 Latest version is 1.7.7
2024-11-24 14:06:33 App is up to date.
2024-11-24 15:06:32 Checking for update using Github
2024-11-24 15:06:33 Success.
2024-11-24 15:06:33 Latest version is 1.7.7
2024-11-24 15:06:33 App is up to date.
2024-11-24 19:22:05 Loading main app package /usr/lib/obsidian/obsidian.asar
2024-11-24 19:22:08 Checking for update using Github
2024-11-24 19:22:10 Success.
2024-11-24 19:22:10 Latest version is 1.7.7
2024-11-24 19:22:10 App is up to date.
2024-11-24 21:05:27 Loading main app package /usr/lib/obsidian/obsidian.asar
2024-11-24 21:05:28 Checking for update using Github
2024-11-24 21:05:28 Success.
2024-11-24 21:05:28 Latest version is 1.7.7
2024-11-24 21:05:28 App is up to date.
2024-11-25 03:25:03 Loading main app package /usr/lib/obsidian/obsidian.asar
2024-11-25 03:25:07 Checking for update using Github
2024-11-25 03:25:08 Failed to check for update using Github (net::ERR_INTERNET_DISCONNECTED)
2024-11-25 03:25:08 Checking for update using obsidian.md
2024-11-25 03:25:08 Failed to check for update using obsidian.md (net::ERR_INTERNET_DISCONNECTED)
2024-11-25 05:27:59 Loading main app package /usr/lib/obsidian/obsidian.asar
2024-11-25 05:28:03 Checking for update using Github
2024-11-25 05:28:08 Failed to check for update using Github (net::ERR_CERT_AUTHORITY_INVALID)
2024-11-25 05:28:08 Checking for update using obsidian.md
2024-11-25 05:28:08 Failed to check for update using obsidian.md (net::ERR_CERT_AUTHORITY_INVALID)
2024-11-25 06:11:08 Loading main app package /usr/lib/obsidian/obsidian.asar
2024-11-25 06:11:11 Checking for update using Github
2024-11-25 06:11:12 Success.
2024-11-25 06:11:12 Latest version is 1.7.7
2024-11-25 06:11:12 App is up to date.
2024-11-25 07:11:08 Checking for update using Github
2024-11-25 07:11:08 Success.
2024-11-25 07:11:08 Latest version is 1.7.7
2024-11-25 07:11:08 App is up to date.
2024-11-25 08:11:08 Checking for update using Github
2024-11-25 08:11:28 Success.
2024-11-25 08:11:28 Latest version is 1.7.7
2024-11-25 08:11:28 App is up to date.
2024-11-25 08:46:08 Loading main app package /usr/lib/obsidian/obsidian.asar
2024-11-25 08:46:12 Checking for update using Github
2024-11-25 08:50:27 Failed to check for update using Github (net::ERR_TIMED_OUT)
2024-11-25 08:50:27 Checking for update using obsidian.md
2024-11-25 08:51:07 Failed to check for update using obsidian.md (net::ERR_NAME_NOT_RESOLVED)
2024-12-05 11:26:03 Loading main app package /usr/lib/obsidian/obsidian.asar
2024-12-05 11:26:07 Checking for update using Github
2024-12-05 11:26:09 Success.
2024-12-05 11:26:09 Latest version is 1.7.7
2024-12-05 11:26:09 App is up to date.
2024-12-05 11:28:27 Loading main app package /usr/lib/obsidian/obsidian.asar
2024-12-05 11:28:27 Checking for update using Github
2024-12-05 11:28:27 Success.
2024-12-05 11:28:27 Latest version is 1.7.7
2024-12-05 11:28:27 App is up to date.
2024-12-05 12:28:27 Checking for update using Github
2024-12-05 12:28:27 Success.
2024-12-05 12:28:27 Latest version is 1.7.7
2024-12-05 12:28:27 App is up to date.
2024-12-19 09:23:31 Loading main app package /usr/lib/obsidian/obsidian.asar
2024-12-19 09:23:54 Checking for update using Github
2024-12-19 09:23:57 Success.
2024-12-19 09:23:57 Latest version is 1.7.7
2024-12-19 09:23:57 App is up to date.
2024-12-19 09:24:05 Loading main app package /usr/lib/obsidian/obsidian.asar
2024-12-19 09:24:06 Checking for update using Github
2024-12-19 09:27:30 Loading main app package /usr/lib/obsidian/obsidian.asar
2024-12-19 09:27:30 Checking for update using Github
2024-12-19 09:32:56 Loading main app package /usr/lib/obsidian/obsidian.asar
2024-12-19 09:32:56 Checking for update using Github
2024-12-19 09:32:56 Success.
2024-12-19 09:32:56 Latest version is 1.7.7
2024-12-19 09:32:56 App is up to date.
2024-12-19 09:34:17 Loading main app package /usr/lib/obsidian/obsidian.asar
2024-12-19 09:34:17 Checking for update using Github
2024-12-19 09:34:17 Success.
2024-12-19 09:34:17 Latest version is 1.7.7
2024-12-19 09:34:17 App is up to date.
2024-12-19 09:35:05 Loading main app package /usr/lib/obsidian/obsidian.asar
2024-12-19 09:35:05 Checking for update using Github
2024-12-19 09:35:05 Success.
2024-12-19 09:35:05 Latest version is 1.7.7
2024-12-19 09:35:05 App is up to date.
2024-12-19 10:35:05 Checking for update using Github
2024-12-19 10:35:05 Success.
2024-12-19 10:35:05 Latest version is 1.7.7
2024-12-19 10:35:05 App is up to date.
2025-01-13 13:19:01 Loading main app package /usr/lib/obsidian/obsidian.asar
2025-01-13 13:19:06 Checking for update using Github
2025-01-13 13:19:08 Success.
2025-01-13 13:19:08 Latest version is 1.7.7
2025-01-13 13:19:08 App is up to date.
2025-01-13 13:21:02 Loading main app package /usr/lib/obsidian/obsidian.asar
2025-01-13 13:21:02 Checking for update using Github
2025-01-13 13:21:02 Success.
2025-01-13 13:21:02 Latest version is 1.7.7
2025-01-13 13:21:02 App is up to date.
2025-01-13 13:21:18 Loading main app package /usr/lib/obsidian/obsidian.asar
2025-01-13 13:21:18 Checking for update using Github
2025-01-13 13:26:43 Loading main app package /usr/lib/obsidian/obsidian.asar
2025-01-13 13:26:44 Checking for update using Github
2025-01-13 13:26:44 Success.
2025-01-13 13:26:44 Latest version is 1.7.7
2025-01-13 13:26:44 App is up to date.
2025-01-17 18:45:52 Loading main app package /usr/lib/obsidian/obsidian.asar
2025-01-17 18:46:18 Checking for update using Github
2025-01-17 18:46:22 Success.
2025-01-17 18:46:22 Latest version is 1.7.7
2025-01-17 18:46:22 App is up to date.
2025-01-17 18:46:56 Loading main app package /usr/lib/obsidian/obsidian.asar
2025-01-17 18:46:56 Checking for update using Github
2025-01-17 18:58:07 Loading main app package /usr/lib/obsidian/obsidian.asar
2025-01-17 18:58:07 Checking for update using Github
2025-01-17 18:59:04 Loading main app package /usr/lib/obsidian/obsidian.asar
2025-01-17 18:59:05 Checking for update using Github
2025-01-17 18:59:05 Success.
2025-01-17 18:59:05 Latest version is 1.7.7
2025-01-17 18:59:05 App is up to date.
2025-01-17 19:05:09 Loading main app package /usr/lib/obsidian/obsidian.asar
2025-01-17 19:05:09 Checking for update using Github
2025-01-17 19:05:10 Success.
2025-01-17 19:05:10 Latest version is 1.7.7
2025-01-17 19:05:10 App is up to date.
2025-01-17 19:05:46 Loading main app package /usr/lib/obsidian/obsidian.asar
2025-01-17 19:05:46 Checking for update using Github
2025-01-17 19:05:46 Success.
2025-01-17 19:05:46 Latest version is 1.7.7
2025-01-17 19:05:46 App is up to date.
2025-01-17 20:05:46 Checking for update using Github
2025-01-17 20:05:46 Success.
2025-01-17 20:05:46 Latest version is 1.7.7
2025-01-17 20:05:46 App is up to date.
2025-01-17 21:05:46 Checking for update using Github
2025-01-17 21:05:46 Success.
2025-01-17 21:05:46 Latest version is 1.7.7
2025-01-17 21:05:46 App is up to date.
2025-01-18 12:19:52 Loading main app package /usr/lib/obsidian/obsidian.asar
2025-01-18 12:20:05 Checking for update using Github
2025-01-18 12:20:09 Success.
2025-01-18 12:20:09 Latest version is 1.7.7
2025-01-18 12:20:09 App is up to date.
2025-01-18 12:53:16 Loading main app package /usr/lib/obsidian/obsidian.asar
2025-01-18 12:53:16 Checking for update using Github
2025-01-18 12:53:17 Success.
2025-01-18 12:53:17 Latest version is 1.7.7
2025-01-18 12:53:17 App is up to date.
2025-01-18 13:50:16 Loading main app package /usr/lib/obsidian/obsidian.asar
2025-01-18 13:50:16 Checking for update using Github
2025-01-18 13:50:16 Success.
2025-01-18 13:50:16 Latest version is 1.7.7
2025-01-18 13:50:16 App is up to date.
2025-01-18 17:00:10 Loading main app package /usr/lib/obsidian/obsidian.asar
2025-01-18 17:00:16 Checking for update using Github
2025-01-18 17:00:17 Success.
2025-01-18 17:00:17 Latest version is 1.7.7
2025-01-18 17:00:17 App is up to date.
2025-01-18 18:00:10 Checking for update using Github
2025-01-18 18:00:10 Success.
2025-01-18 18:00:10 Latest version is 1.7.7
2025-01-18 18:00:10 App is up to date.
2025-01-18 19:00:10 Checking for update using Github
2025-01-18 19:00:10 Success.
2025-01-18 19:00:10 Latest version is 1.7.7
2025-01-18 19:00:10 App is up to date.
2025-01-18 20:00:10 Checking for update using Github
2025-01-18 20:00:10 Success.
2025-01-18 20:00:10 Latest version is 1.7.7
2025-01-18 20:00:10 App is up to date.
2025-01-19 13:00:24 Loading main app package /usr/lib/obsidian/obsidian.asar
2025-01-19 13:00:29 Checking for update using Github
2025-01-19 13:00:30 Success.
2025-01-19 13:00:30 Latest version is 1.7.7
2025-01-19 13:00:30 App is up to date.
2025-01-19 14:00:24 Checking for update using Github
2025-01-19 14:00:24 Success.
2025-01-19 14:00:24 Latest version is 1.7.7
2025-01-19 14:00:24 App is up to date.
2025-01-19 15:18:40 Loading main app package /usr/lib/obsidian/obsidian.asar
2025-01-19 15:18:46 Checking for update using Github
2025-01-19 15:18:48 Success.
2025-01-19 15:18:48 Latest version is 1.7.7
2025-01-19 15:18:48 App is up to date.
2025-01-19 17:42:32 Loading main app package /usr/lib/obsidian/obsidian.asar
2025-01-19 17:42:38 Checking for update using Github
2025-01-19 17:42:40 Success.
2025-01-19 17:42:40 Latest version is 1.7.7
2025-01-19 17:42:40 App is up to date.
2025-01-19 18:42:33 Checking for update using Github
2025-01-19 18:42:33 Success.
2025-01-19 18:42:33 Latest version is 1.7.7
2025-01-19 18:42:33 App is up to date.
2025-01-19 19:42:33 Checking for update using Github
2025-01-19 19:42:33 Success.
2025-01-19 19:42:33 Latest version is 1.7.7
2025-01-19 19:42:33 App is up to date.
2025-01-20 17:51:42 Loading main app package /usr/lib/obsidian/obsidian.asar
2025-01-20 17:51:47 Checking for update using Github
2025-01-20 17:51:50 Success.
2025-01-20 17:51:50 Latest version is 1.7.7
2025-01-20 17:51:50 App is up to date.
2025-01-20 18:51:42 Checking for update using Github
2025-01-20 18:51:42 Success.
2025-01-20 18:51:42 Latest version is 1.7.7
2025-01-20 18:51:42 App is up to date.
2025-01-21 16:33:03 Loading main app package /usr/lib/obsidian/obsidian.asar
2025-01-21 16:33:18 Checking for update using Github
2025-01-21 16:33:22 Success.
2025-01-21 16:33:22 Latest version is 1.7.7
2025-01-21 16:33:22 App is up to date.
2025-01-21 16:33:38 Loading main app package /usr/lib/obsidian/obsidian.asar
2025-01-21 16:33:38 Checking for update using Github
2025-01-21 17:19:02 Loading main app package /usr/lib/obsidian/obsidian.asar
2025-01-21 17:19:04 Checking for update using Github
2025-01-21 17:19:05 Success.
2025-01-21 17:19:05 Latest version is 1.7.7
2025-01-21 17:19:05 App is up to date.
2025-01-21 18:19:02 Checking for update using Github
2025-01-21 18:19:02 Success.
2025-01-21 18:19:02 Latest version is 1.7.7
2025-01-21 18:19:02 App is up to date.
2025-01-21 19:19:02 Checking for update using Github
2025-01-21 19:19:02 Success.
2025-01-21 19:19:02 Latest version is 1.7.7
2025-01-21 19:19:02 App is up to date.
2025-01-22 16:31:58 Loading main app package /usr/lib/obsidian/obsidian.asar
2025-01-22 16:32:02 Checking for update using Github
2025-01-22 16:32:03 Success.
2025-01-22 16:32:03 Latest version is 1.7.7
2025-01-22 16:32:03 App is up to date.
2025-01-22 17:31:58 Checking for update using Github
2025-01-22 17:31:58 Success.
2025-01-22 17:31:58 Latest version is 1.7.7
2025-01-22 17:31:58 App is up to date.
2025-01-22 18:31:58 Checking for update using Github
2025-01-22 18:31:58 Success.
2025-01-22 18:31:58 Latest version is 1.7.7
2025-01-22 18:31:58 App is up to date.
2025-01-23 16:28:30 Loading main app package /usr/lib/obsidian/obsidian.asar
2025-01-23 16:28:35 Checking for update using Github
2025-01-23 16:28:38 Success.
2025-01-23 16:28:38 Latest version is 1.7.7
2025-01-23 16:28:38 App is up to date.
2025-01-23 17:28:30 Checking for update using Github
2025-01-23 17:28:30 Success.
2025-01-23 17:28:30 Latest version is 1.7.7
2025-01-23 17:28:30 App is up to date.
2025-01-23 18:28:30 Checking for update using Github
2025-01-23 18:28:30 Success.
2025-01-23 18:28:30 Latest version is 1.7.7
2025-01-23 18:28:30 App is up to date.
2025-01-23 19:28:30 Checking for update using Github
2025-01-23 19:28:30 Success.
2025-01-23 19:28:30 Latest version is 1.7.7
2025-01-23 19:28:30 App is up to date.
2025-01-23 20:02:20 Loading main app package /usr/lib/obsidian/obsidian.asar
2025-01-23 20:02:20 Checking for update using Github
2025-01-23 20:02:20 Success.
2025-01-23 20:02:20 Latest version is 1.7.7
2025-01-23 20:02:20 App is up to date.
2025-01-23 20:54:40 Loading main app package /usr/lib/obsidian/obsidian.asar
2025-01-23 20:54:40 Checking for update using Github
2025-01-23 20:54:40 Success.
2025-01-23 20:54:40 Latest version is 1.7.7
2025-01-23 20:54:40 App is up to date.
2025-01-24 08:31:29 Loading main app package /usr/lib/obsidian/obsidian.asar
2025-01-24 08:31:35 Checking for update using Github
2025-01-24 08:31:40 Success.
2025-01-24 08:31:40 Latest version is 1.7.7
2025-01-24 08:31:40 App is up to date.
2025-01-24 09:31:30 Checking for update using Github
2025-01-24 09:31:30 Success.
2025-01-24 09:31:30 Latest version is 1.7.7
2025-01-24 09:31:30 App is up to date.
2025-01-24 10:02:53 Loading main app package /usr/lib/obsidian/obsidian.asar
2025-01-24 10:02:53 Checking for update using Github
2025-01-24 10:02:53 Success.
2025-01-24 10:02:53 Latest version is 1.7.7
2025-01-24 10:02:53 App is up to date.
2025-01-24 10:02:54 Loading main app package /usr/lib/obsidian/obsidian.asar
2025-01-24 10:02:54 Checking for update using Github
2025-01-24 11:02:53 Checking for update using Github
2025-01-24 11:02:53 Success.
2025-01-24 11:02:53 Latest version is 1.7.7
2025-01-24 11:02:53 App is up to date.
2025-01-24 12:02:53 Checking for update using Github
2025-01-24 12:02:53 Success.
2025-01-24 12:02:53 Latest version is 1.7.7
2025-01-24 12:02:53 App is up to date.
2025-01-25 17:00:11 Loading main app package /usr/lib/obsidian/obsidian.asar
2025-01-25 17:00:15 Checking for update using Github
2025-01-25 17:00:15 Success.
2025-01-25 17:00:15 Latest version is 1.7.7
2025-01-25 17:00:15 App is up to date.
2025-01-25 18:00:11 Checking for update using Github
2025-01-25 18:00:11 Success.
2025-01-25 18:00:11 Latest version is 1.7.7
2025-01-25 18:00:11 App is up to date.
2025-01-25 19:00:11 Checking for update using Github
2025-01-25 19:00:11 Success.
2025-01-25 19:00:11 Latest version is 1.7.7
2025-01-25 19:00:11 App is up to date.
2025-01-26 08:11:19 Loading main app package /usr/lib/obsidian/obsidian.asar
2025-01-26 08:11:19 Loading main app package /usr/lib/obsidian/obsidian.asar
2025-01-26 08:11:27 Checking for update using Github
2025-01-26 08:11:31 Checking for update using Github
2025-01-26 08:11:35 Success.
2025-01-26 08:11:35 Latest version is 1.7.7
2025-01-26 08:11:35 App is up to date.
2025-01-26 09:11:19 Checking for update using Github
2025-01-26 09:11:20 Success.
2025-01-26 09:11:20 Latest version is 1.7.7
2025-01-26 09:11:20 App is up to date.
2025-01-26 10:11:20 Checking for update using Github
2025-01-26 10:11:20 Success.
2025-01-26 10:11:20 Latest version is 1.7.7
2025-01-26 10:11:20 App is up to date.
2025-01-26 10:27:45 Loading main app package /usr/lib/obsidian/obsidian.asar
2025-01-26 10:27:45 Checking for update using Github
2025-01-26 10:27:46 Success.
2025-01-26 10:27:46 Latest version is 1.7.7
2025-01-26 10:27:46 App is up to date.
2025-01-26 11:27:45 Checking for update using Github
2025-01-26 11:27:45 Success.
2025-01-26 11:27:45 Latest version is 1.7.7
2025-01-26 11:27:45 App is up to date.
2025-01-26 12:27:46 Checking for update using Github
2025-01-26 12:27:46 Success.
2025-01-26 12:27:46 Latest version is 1.7.7
2025-01-26 12:27:46 App is up to date.
2025-01-26 13:27:46 Checking for update using Github
2025-01-26 13:27:46 Success.
2025-01-26 13:27:46 Latest version is 1.7.7
2025-01-26 13:27:46 App is up to date.
2025-01-26 14:27:46 Checking for update using Github
2025-01-26 14:27:46 Success.
2025-01-26 14:27:46 Latest version is 1.7.7
2025-01-26 14:27:46 App is up to date.
2025-01-26 15:27:46 Checking for update using Github
2025-01-26 15:27:46 Success.
2025-01-26 15:27:46 Latest version is 1.7.7
2025-01-26 15:27:46 App is up to date.
2025-01-26 16:27:46 Checking for update using Github
2025-01-26 16:27:46 Success.
2025-01-26 16:27:46 Latest version is 1.7.7
2025-01-26 16:27:46 App is up to date.
2025-01-26 17:27:46 Checking for update using Github
2025-01-26 17:27:46 Success.
2025-01-26 17:27:46 Latest version is 1.7.7
2025-01-26 17:27:46 App is up to date.
2025-01-26 18:27:46 Checking for update using Github
2025-01-26 18:27:46 Success.
2025-01-26 18:27:46 Latest version is 1.7.7
2025-01-26 18:27:46 App is up to date.
2025-01-26 19:27:46 Checking for update using Github
2025-01-26 19:27:46 Success.
2025-01-26 19:27:46 Latest version is 1.7.7
2025-01-26 19:27:46 App is up to date.
2025-01-26 20:27:46 Checking for update using Github
2025-01-26 20:27:46 Success.
2025-01-26 20:27:46 Latest version is 1.7.7
2025-01-26 20:27:46 App is up to date.
2025-01-26 21:27:46 Checking for update using Github
2025-01-26 21:27:47 Success.
2025-01-26 21:27:47 Latest version is 1.7.7
2025-01-26 21:27:47 App is up to date.
2025-01-26 22:27:46 Checking for update using Github
2025-01-26 22:27:47 Success.
2025-01-26 22:27:47 Latest version is 1.7.7
2025-01-26 22:27:47 App is up to date.
2025-01-26 23:27:47 Checking for update using Github
2025-01-26 23:27:47 Success.
2025-01-26 23:27:47 Latest version is 1.7.7
2025-01-26 23:27:47 App is up to date.
2025-01-27 00:27:47 Checking for update using Github
2025-01-27 00:27:47 Success.
2025-01-27 00:27:47 Latest version is 1.7.7
2025-01-27 00:27:47 App is up to date.
2025-01-27 01:27:47 Checking for update using Github
2025-01-27 01:27:47 Success.
2025-01-27 01:27:47 Latest version is 1.7.7
2025-01-27 01:27:47 App is up to date.
2025-01-27 02:27:47 Checking for update using Github
2025-01-27 02:27:47 Success.
2025-01-27 02:27:47 Latest version is 1.7.7
2025-01-27 02:27:47 App is up to date.
2025-01-27 03:27:47 Checking for update using Github
2025-01-27 03:27:47 Success.
2025-01-27 03:27:47 Latest version is 1.7.7
2025-01-27 03:27:47 App is up to date.
2025-01-27 04:27:47 Checking for update using Github
2025-01-27 04:27:47 Success.
2025-01-27 04:27:47 Latest version is 1.7.7
2025-01-27 04:27:47 App is up to date.
2025-01-27 05:27:47 Checking for update using Github
2025-01-27 05:27:47 Success.
2025-01-27 05:27:47 Latest version is 1.7.7
2025-01-27 05:27:47 App is up to date.
2025-01-27 06:27:47 Checking for update using Github
2025-01-27 06:27:47 Success.
2025-01-27 06:27:47 Latest version is 1.7.7
2025-01-27 06:27:47 App is up to date.
2025-01-28 11:36:10 Loading main app package /usr/lib/obsidian/obsidian.asar
2025-01-28 11:36:11 Checking for update using Github
2025-01-28 11:36:12 Success.
2025-01-28 11:36:12 Latest version is 1.7.7
2025-01-28 11:36:12 App is up to date.
2025-01-28 11:36:27 Loading main app package /usr/lib/obsidian/obsidian.asar
2025-01-28 11:36:28 Checking for update using Github
2025-01-28 11:37:41 Loading main app package /usr/lib/obsidian/obsidian.asar
2025-01-28 11:37:41 Checking for update using Github
